exports[`About Page should render page tile as H1 with text 1`] = `
<About
  route={
    Object {
      "pageTitle": "Test About page title",
    }
  }>
  <div
    className="content">
    <PageHeading
      value="About page">
      <h1>
        About page
      </h1>
    </PageHeading>
  </div>
</About>
`;
