exports[`Schedule Page should render page tile as H1 with text 1`] = `
<Schedule
  route={
    Object {
      "pageTitle": "Test Schedule page title",
    }
  }>
  <div
    className="content">
    <PageHeading
      value="Schedule page">
      <h1>
        Schedule page
      </h1>
    </PageHeading>
  </div>
</Schedule>
`;
